
> nba-fantasy-ai-backend@4.1.0 start
> node server.js

✅ RevenueCat REST API Service Initialized
🎮 Live games routes loaded
✅ Connected to Redis cache
⚠️  Dashboard directory not found, creating placeholder
✅ Dashboard route created at /admin/dashboard
🚀 Initializing NBA Fantasy AI Backend...
✅ Connected to MongoDB Atlas
✅ MongoDB connection established
✅ WebSocket server initialized
❌ HTTP Server error: Error: listen EADDRINUSE: address already in use 0.0.0.0:3002
    at Server.setupListenHandle [as _listen2] (node:net:1908:16)
    at listenInCluster (node:net:1965:12)
    at doListen (node:net:2139:7)
    at process.processTicksAndRejections (node:internal/process/task_queues:83:21) {
  code: 'EADDRINUSE',
  errno: -48,
  syscall: 'listen',
  address: '0.0.0.0',
  port: 3002
}
Port 3002 is already in use. Try a different port.
⚠️  MongoDB disconnected

SIGTERM received. Shutting down gracefully...
HTTP server closed
Redis connection closed
