2026-01-11 07:55:55: ✅ RevenueCat REST API Service Initialized
2026-01-11 07:55:55: 🎮 Live games routes loaded
2026-01-11 07:55:55: ✅ Body parsers initialized
2026-01-11 07:55:55: 🔗 Connecting to MongoDB...
2026-01-11 07:55:56: ✅ MongoDB connected successfully
2026-01-11 07:55:56: ✅ Database service initialized
2026-01-11 07:55:56: ✅ Connected to Redis cache
2026-01-11 07:55:56: 🚀 Initializing NBA Fantasy AI Backend...
2026-01-11 07:55:56: 🔄 Connecting to MongoDB Atlas...
2026-01-11 07:55:56: 📝 Using URI (masked): mongodb+srv://Jerryexon1:****@cluster0.6sqqrz.mongodb.net/sports-app?appName=Cluster0
2026-01-11 07:55:56: ✅ Connected to MongoDB Atlas
2026-01-11 07:55:56: ✅ WebSocket server initialized
2026-01-11 07:55:56: Port 3002 is already in use.
2026-01-11 07:57:52: 
2026-01-11 07:57:52: SIGINT received. Shutting down gracefully...
2026-01-11 07:57:52: HTTP server closed
2026-01-11 07:57:52: Redis connection closed
2026-01-11 07:57:54: ✅ RevenueCat REST API Service Initialized
2026-01-11 07:57:54: 🎮 Live games routes loaded
2026-01-11 07:57:54: ✅ Body parsers initialized
2026-01-11 07:57:54: 🔗 Connecting to MongoDB...
2026-01-11 07:57:55: ✅ MongoDB connected successfully
2026-01-11 07:57:55: ✅ Database service initialized
2026-01-11 07:57:55: ✅ Connected to Redis cache
2026-01-11 07:57:55: 🚀 Initializing NBA Fantasy AI Backend...
2026-01-11 07:57:55: 🔄 Connecting to MongoDB Atlas...
2026-01-11 07:57:55: 📝 Using URI (masked): mongodb+srv://Jerryexon1:****@cluster0.6sqqrz.mongodb.net/sports-app?appName=Cluster0
2026-01-11 07:57:55: ✅ Connected to MongoDB Atlas
2026-01-11 07:57:55: ✅ WebSocket server initialized
2026-01-11 07:57:55: Port 3002 is already in use.
2026-01-11 08:17:12: ⚠️ MongoDB disconnected
2026-01-11 08:17:12: ⚠️  MongoDB disconnected
2026-01-11 08:17:12: ✅ MongoDB connection established
2026-01-11 08:17:12: ✅ MongoDB reconnected
2026-01-11 08:18:16: ✅ MongoDB reconnected
2026-01-11 23:01:17: ✅ MongoDB reconnected
2026-01-11 23:01:17: ✅ MongoDB reconnected
2026-01-12 01:00:38: ✅ MongoDB reconnected
2026-01-12 03:43:18: ⚠️ MongoDB disconnected
2026-01-12 03:43:18: ⚠️  MongoDB disconnected
2026-01-12 03:43:18: ✅ MongoDB connection established
2026-01-12 03:43:18: ✅ MongoDB reconnected
2026-01-12 04:24:04: ✅ MongoDB reconnected
2026-01-12 04:59:13: ⚠️ MongoDB disconnected
2026-01-12 04:59:13: ⚠️  MongoDB disconnected
2026-01-12 04:59:13: ✅ MongoDB connection established
2026-01-12 04:59:13: ✅ MongoDB reconnected
2026-01-12 07:16:30: ✅ MongoDB reconnected
2026-01-12 07:16:31: ✅ MongoDB reconnected
2026-01-12 07:35:04: ⚠️ MongoDB disconnected
2026-01-12 07:35:04: ⚠️  MongoDB disconnected
2026-01-12 07:35:04: ✅ MongoDB connection established
2026-01-12 07:35:04: ✅ MongoDB reconnected
2026-01-12 08:11:56: ✅ MongoDB reconnected
2026-01-12 08:26:27: ⚠️ MongoDB disconnected
2026-01-12 08:26:27: ⚠️  MongoDB disconnected
2026-01-12 08:26:27: ✅ MongoDB connection established
2026-01-12 08:26:27: ✅ MongoDB reconnected
2026-01-12 08:31:58: ✅ MongoDB reconnected
2026-01-12 08:32:09: ⚠️ MongoDB disconnected
2026-01-12 08:32:09: ⚠️  MongoDB disconnected
2026-01-12 08:32:09: ✅ MongoDB connection established
2026-01-12 08:32:09: ✅ MongoDB reconnected
2026-01-12 10:00:56: ✅ MongoDB reconnected
2026-01-12 11:16:49: ✅ MongoDB reconnected
2026-01-12 11:16:59: ⚠️ MongoDB disconnected
2026-01-12 11:16:59: ⚠️  MongoDB disconnected
2026-01-12 11:16:59: ✅ MongoDB connection established
2026-01-12 11:16:59: ✅ MongoDB reconnected
2026-01-12 11:24:15: ✅ MongoDB reconnected
2026-01-12 12:44:58: ✅ MongoDB reconnected
2026-01-12 12:50:07: ⚠️ MongoDB disconnected
2026-01-12 12:50:07: ⚠️  MongoDB disconnected
2026-01-12 12:50:07: ✅ MongoDB connection established
2026-01-12 12:50:07: ✅ MongoDB reconnected
2026-01-12 12:54:57: ✅ MongoDB reconnected
2026-01-12 12:54:57: ✅ MongoDB reconnected
2026-01-12 12:55:09: ⚠️ MongoDB disconnected
2026-01-12 12:55:10: ⚠️  MongoDB disconnected
2026-01-12 12:55:10: ✅ MongoDB connection established
2026-01-12 12:55:10: ✅ MongoDB reconnected
2026-01-12 12:59:58: ✅ MongoDB reconnected
2026-01-12 13:05:07: ⚠️ MongoDB disconnected
2026-01-12 13:05:07: ⚠️  MongoDB disconnected
2026-01-12 13:05:07: ✅ MongoDB connection established
2026-01-12 13:05:07: ✅ MongoDB reconnected
2026-01-12 13:09:57: ✅ MongoDB reconnected
2026-01-12 13:20:07: ⚠️ MongoDB disconnected
2026-01-12 13:20:07: ⚠️  MongoDB disconnected
2026-01-12 13:20:07: ✅ MongoDB connection established
2026-01-12 13:20:07: ✅ MongoDB reconnected
2026-01-12 13:24:57: ✅ MongoDB reconnected
2026-01-12 13:25:07: ⚠️ MongoDB disconnected
2026-01-12 13:25:07: ⚠️  MongoDB disconnected
2026-01-12 13:25:07: ✅ MongoDB connection established
2026-01-12 13:25:07: ✅ MongoDB reconnected
2026-01-12 13:29:57: ✅ MongoDB reconnected
2026-01-12 13:30:07: ⚠️ MongoDB disconnected
2026-01-12 13:30:07: ⚠️  MongoDB disconnected
2026-01-12 13:30:07: ✅ MongoDB connection established
2026-01-12 13:30:07: ✅ MongoDB reconnected
2026-01-12 13:46:23: ⚠️ MongoDB disconnected
2026-01-12 13:46:23: ⚠️  MongoDB disconnected
2026-01-12 13:46:23: ✅ MongoDB connection established
2026-01-12 13:46:23: ✅ MongoDB reconnected
2026-01-12 13:48:24: ✅ MongoDB reconnected
2026-01-12 14:29:36: ⚠️ MongoDB disconnected
2026-01-12 14:29:36: ⚠️  MongoDB disconnected
2026-01-12 14:29:36: ✅ MongoDB connection established
2026-01-12 14:29:36: ✅ MongoDB reconnected
2026-01-12 14:46:31: ✅ MongoDB reconnected
2026-01-12 14:46:41: ⚠️ MongoDB disconnected
2026-01-12 14:46:41: ⚠️  MongoDB disconnected
2026-01-12 14:46:41: ✅ MongoDB connection established
2026-01-12 14:46:41: ✅ MongoDB reconnected
2026-01-12 14:51:47: ✅ MongoDB reconnected
2026-01-12 14:56:57: ✅ MongoDB reconnected
2026-01-12 14:56:57: ✅ MongoDB reconnected
2026-01-12 16:28:23: ✅ MongoDB reconnected
2026-01-12 16:28:23: ✅ MongoDB reconnected
2026-01-12 16:28:34: ⚠️ MongoDB disconnected
2026-01-12 16:28:34: ⚠️  MongoDB disconnected
2026-01-12 16:28:34: ✅ MongoDB connection established
2026-01-12 16:28:34: ✅ MongoDB reconnected
2026-01-12 16:46:42: ✅ MongoDB reconnected
2026-01-12 16:46:42: ✅ MongoDB reconnected
2026-01-12 17:20:28: ⚠️ MongoDB disconnected
2026-01-12 17:20:28: ⚠️  MongoDB disconnected
2026-01-12 17:20:28: ✅ MongoDB connection established
2026-01-12 17:20:28: ✅ MongoDB reconnected
2026-01-12 17:32:28: ✅ MongoDB reconnected
2026-01-12 17:32:28: ✅ MongoDB reconnected
2026-01-12 17:32:38: ⚠️ MongoDB disconnected
2026-01-12 17:32:38: ⚠️  MongoDB disconnected
2026-01-12 17:32:38: ✅ MongoDB connection established
2026-01-12 17:32:38: ✅ MongoDB reconnected
2026-01-12 17:41:37: ✅ MongoDB reconnected
2026-01-12 17:42:15: ⚠️ MongoDB disconnected
2026-01-12 17:42:15: ⚠️  MongoDB disconnected
2026-01-12 17:42:15: ✅ MongoDB connection established
2026-01-12 17:42:15: ✅ MongoDB reconnected
2026-01-12 17:45:20: ✅ MongoDB reconnected
2026-01-12 17:56:52: ⚠️ MongoDB disconnected
2026-01-12 17:56:52: ⚠️  MongoDB disconnected
2026-01-12 17:56:52: ✅ MongoDB connection established
2026-01-12 17:56:52: ✅ MongoDB reconnected
2026-01-12 18:00:03: ✅ MongoDB reconnected
2026-01-12 18:00:13: ⚠️ MongoDB disconnected
2026-01-12 18:00:13: ⚠️  MongoDB disconnected
2026-01-12 18:00:13: ✅ MongoDB connection established
2026-01-12 18:00:13: ✅ MongoDB reconnected
2026-01-12 18:00:54: ✅ MongoDB reconnected
2026-01-12 18:15:02: ⚠️ MongoDB disconnected
2026-01-12 18:15:02: ⚠️  MongoDB disconnected
2026-01-12 18:15:02: ✅ MongoDB connection established
2026-01-12 18:15:02: ✅ MongoDB reconnected
2026-01-12 18:19:01: ✅ MongoDB reconnected
2026-01-12 23:07:12: ✅ MongoDB reconnected
2026-01-12 23:07:22: ⚠️ MongoDB disconnected
2026-01-12 23:07:22: ⚠️  MongoDB disconnected
2026-01-12 23:07:22: ✅ MongoDB connection established
2026-01-12 23:07:22: ✅ MongoDB reconnected
2026-01-13 01:07:38: ⚠️ MongoDB disconnected
2026-01-13 01:07:38: ⚠️  MongoDB disconnected
2026-01-13 01:07:38: ✅ MongoDB connection established
2026-01-13 01:07:38: ✅ MongoDB reconnected
2026-01-13 05:41:15: ✅ MongoDB reconnected
2026-01-13 06:23:14: ⚠️ MongoDB disconnected
2026-01-13 06:23:14: ⚠️  MongoDB disconnected
2026-01-13 06:23:14: ✅ MongoDB connection established
2026-01-13 06:23:14: ✅ MongoDB reconnected
2026-01-13 07:12:00: ✅ MongoDB reconnected
2026-01-13 07:12:00: ✅ MongoDB reconnected
2026-01-13 08:46:42: ⚠️ MongoDB disconnected
2026-01-13 08:46:42: ⚠️  MongoDB disconnected
2026-01-13 08:46:42: ✅ MongoDB connection established
2026-01-13 08:46:42: ✅ MongoDB reconnected
2026-01-13 10:14:44: ✅ MongoDB reconnected
2026-01-13 10:14:54: ⚠️ MongoDB disconnected
2026-01-13 10:14:54: ⚠️  MongoDB disconnected
2026-01-13 10:14:54: ✅ MongoDB connection established
2026-01-13 10:14:54: ✅ MongoDB reconnected
2026-01-13 10:17:31: ✅ MongoDB reconnected
