2026-01-11 14:57:30: ✅ RevenueCat REST API Service Initialized
2026-01-11 14:57:30: 🎮 Live games routes loaded
2026-01-11 14:57:30: ✅ Body parsers initialized
2026-01-11 14:57:30: 🔗 Connecting to MongoDB...
2026-01-11 14:57:31: ✅ MongoDB connected successfully
2026-01-11 14:57:31: ✅ Database service initialized
2026-01-11 14:57:31: ✅ Connected to Redis cache
2026-01-11 14:57:31: 🚀 Initializing NBA Fantasy AI Backend...
2026-01-11 14:57:31: 🔄 Connecting to MongoDB Atlas...
2026-01-11 14:57:31: 📝 Using URI (masked): mongodb+srv://Jerryexon1:****@cluster0.6sqqrz.mongodb.net/sports-app?appName=Cluster0
2026-01-11 14:57:31: ✅ Connected to MongoDB Atlas
2026-01-11 14:57:31: ✅ WebSocket server initialized
2026-01-11 14:57:31: Port 3002 is already in use.
2026-01-11 23:01:19: ✅ MongoDB reconnected
2026-01-11 23:01:19: ✅ MongoDB reconnected
2026-01-12 01:00:38: ✅ MongoDB reconnected
2026-01-12 02:16:24: ⚠️ MongoDB disconnected
2026-01-12 02:16:24: ⚠️  MongoDB disconnected
2026-01-12 02:16:24: ✅ MongoDB connection established
2026-01-12 02:16:24: ✅ MongoDB reconnected
2026-01-12 03:43:18: ⚠️ MongoDB disconnected
2026-01-12 03:43:18: ⚠️  MongoDB disconnected
2026-01-12 03:43:18: ✅ MongoDB connection established
2026-01-12 03:43:18: ✅ MongoDB reconnected
2026-01-12 04:24:04: ✅ MongoDB reconnected
2026-01-12 06:00:16: ✅ MongoDB reconnected
2026-01-12 07:16:31: ✅ MongoDB reconnected
2026-01-12 07:16:31: ✅ MongoDB reconnected
2026-01-12 08:11:56: ✅ MongoDB reconnected
2026-01-12 08:26:18: ✅ MongoDB reconnected
2026-01-12 08:26:27: ⚠️ MongoDB disconnected
2026-01-12 08:26:27: ⚠️  MongoDB disconnected
2026-01-12 08:26:27: ✅ MongoDB connection established
2026-01-12 08:26:27: ✅ MongoDB reconnected
2026-01-12 08:31:58: ✅ MongoDB reconnected
2026-01-12 08:32:09: ⚠️ MongoDB disconnected
2026-01-12 08:32:09: ⚠️  MongoDB disconnected
2026-01-12 08:32:09: ✅ MongoDB connection established
2026-01-12 08:32:09: ✅ MongoDB reconnected
2026-01-12 10:00:56: ✅ MongoDB reconnected
2026-01-12 11:16:49: ✅ MongoDB reconnected
2026-01-12 11:16:59: ⚠️ MongoDB disconnected
2026-01-12 11:16:59: ⚠️  MongoDB disconnected
2026-01-12 11:16:59: ✅ MongoDB connection established
2026-01-12 11:16:59: ✅ MongoDB reconnected
2026-01-12 11:24:16: ✅ MongoDB reconnected
2026-01-12 11:24:26: ⚠️ MongoDB disconnected
2026-01-12 11:24:27: ⚠️  MongoDB disconnected
2026-01-12 11:24:27: ✅ MongoDB connection established
2026-01-12 11:24:27: ✅ MongoDB reconnected
2026-01-12 12:44:58: ✅ MongoDB reconnected
2026-01-12 12:50:07: ⚠️ MongoDB disconnected
2026-01-12 12:50:07: ⚠️  MongoDB disconnected
2026-01-12 12:50:07: ✅ MongoDB connection established
2026-01-12 12:50:07: ✅ MongoDB reconnected
2026-01-12 12:54:57: ✅ MongoDB reconnected
2026-01-12 12:54:57: ✅ MongoDB reconnected
2026-01-12 12:55:10: ⚠️ MongoDB disconnected
2026-01-12 12:55:10: ⚠️  MongoDB disconnected
2026-01-12 12:55:10: ✅ MongoDB connection established
2026-01-12 12:55:10: ✅ MongoDB reconnected
2026-01-12 12:59:58: ✅ MongoDB reconnected
2026-01-12 12:59:58: ✅ MongoDB reconnected
2026-01-12 13:05:07: ⚠️ MongoDB disconnected
2026-01-12 13:05:07: ⚠️  MongoDB disconnected
2026-01-12 13:05:07: ✅ MongoDB connection established
2026-01-12 13:05:07: ✅ MongoDB reconnected
2026-01-12 13:09:57: ✅ MongoDB reconnected
2026-01-12 13:20:07: ⚠️ MongoDB disconnected
2026-01-12 13:20:07: ⚠️  MongoDB disconnected
2026-01-12 13:20:07: ✅ MongoDB connection established
2026-01-12 13:20:07: ✅ MongoDB reconnected
2026-01-12 13:24:57: ✅ MongoDB reconnected
2026-01-12 13:25:07: ⚠️ MongoDB disconnected
2026-01-12 13:25:07: ⚠️  MongoDB disconnected
2026-01-12 13:25:07: ✅ MongoDB connection established
2026-01-12 13:25:07: ✅ MongoDB reconnected
2026-01-12 13:29:57: ✅ MongoDB reconnected
2026-01-12 13:30:07: ⚠️ MongoDB disconnected
2026-01-12 13:30:07: ⚠️  MongoDB disconnected
2026-01-12 13:30:07: ✅ MongoDB connection established
2026-01-12 13:30:07: ✅ MongoDB reconnected
2026-01-12 13:46:13: ✅ MongoDB reconnected
2026-01-12 14:29:36: ⚠️ MongoDB disconnected
2026-01-12 14:29:36: ⚠️  MongoDB disconnected
2026-01-12 14:29:36: ✅ MongoDB connection established
2026-01-12 14:29:36: ✅ MongoDB reconnected
2026-01-12 14:46:31: ✅ MongoDB reconnected
2026-01-12 14:46:41: ⚠️ MongoDB disconnected
2026-01-12 14:46:41: ⚠️  MongoDB disconnected
2026-01-12 14:46:41: ✅ MongoDB connection established
2026-01-12 14:46:41: ✅ MongoDB reconnected
2026-01-12 14:51:47: ✅ MongoDB reconnected
2026-01-12 16:28:23: ✅ MongoDB reconnected
2026-01-12 16:28:23: ✅ MongoDB reconnected
2026-01-12 16:28:34: ⚠️ MongoDB disconnected
2026-01-12 16:28:34: ⚠️  MongoDB disconnected
2026-01-12 16:28:34: ✅ MongoDB connection established
2026-01-12 16:28:34: ✅ MongoDB reconnected
2026-01-12 16:46:42: ✅ MongoDB reconnected
2026-01-12 16:46:42: ✅ MongoDB reconnected
2026-01-12 17:41:37: ✅ MongoDB reconnected
2026-01-12 17:41:37: ✅ MongoDB reconnected
2026-01-12 17:42:15: ⚠️ MongoDB disconnected
2026-01-12 17:42:15: ⚠️  MongoDB disconnected
2026-01-12 17:42:15: ✅ MongoDB connection established
2026-01-12 17:42:15: ✅ MongoDB reconnected
2026-01-12 17:45:20: ✅ MongoDB reconnected
2026-01-12 17:56:52: ⚠️ MongoDB disconnected
2026-01-12 17:56:52: ⚠️  MongoDB disconnected
2026-01-12 17:56:52: ✅ MongoDB connection established
2026-01-12 17:56:52: ✅ MongoDB reconnected
2026-01-12 18:00:03: ✅ MongoDB reconnected
2026-01-12 18:00:13: ⚠️ MongoDB disconnected
2026-01-12 18:00:13: ⚠️  MongoDB disconnected
2026-01-12 18:00:13: ✅ MongoDB connection established
2026-01-12 18:00:13: ✅ MongoDB reconnected
2026-01-12 18:00:54: ✅ MongoDB reconnected
2026-01-12 18:15:02: ⚠️ MongoDB disconnected
2026-01-12 18:15:02: ⚠️  MongoDB disconnected
2026-01-12 18:15:02: ✅ MongoDB connection established
2026-01-12 18:15:02: ✅ MongoDB reconnected
2026-01-12 18:19:01: ✅ MongoDB reconnected
2026-01-12 18:19:01: ✅ MongoDB reconnected
2026-01-12 18:33:55: ⚠️ MongoDB disconnected
2026-01-12 18:33:55: ⚠️  MongoDB disconnected
2026-01-12 18:33:55: ✅ MongoDB connection established
2026-01-12 18:33:55: ✅ MongoDB reconnected
2026-01-12 23:07:13: ✅ MongoDB reconnected
2026-01-12 23:15:13: ✅ MongoDB reconnected
2026-01-13 01:07:38: ⚠️ MongoDB disconnected
2026-01-13 01:07:38: ⚠️  MongoDB disconnected
2026-01-13 01:07:38: ✅ MongoDB connection established
2026-01-13 01:07:38: ✅ MongoDB reconnected
2026-01-13 04:25:24: ✅ MongoDB reconnected
2026-01-13 05:41:15: ✅ MongoDB reconnected
2026-01-13 06:23:14: ⚠️ MongoDB disconnected
2026-01-13 06:23:14: ⚠️  MongoDB disconnected
2026-01-13 06:23:14: ✅ MongoDB connection established
2026-01-13 06:23:14: ✅ MongoDB reconnected
2026-01-13 07:12:00: ✅ MongoDB reconnected
2026-01-13 07:12:00: ✅ MongoDB reconnected
2026-01-13 10:14:44: ✅ MongoDB reconnected
2026-01-13 10:14:54: ⚠️ MongoDB disconnected
2026-01-13 10:14:54: ⚠️  MongoDB disconnected
2026-01-13 10:14:54: ✅ MongoDB connection established
2026-01-13 10:14:54: ✅ MongoDB reconnected
2026-01-13 10:17:31: ✅ MongoDB reconnected
2026-01-13 10:17:43: ⚠️ MongoDB disconnected
2026-01-13 10:17:44: ⚠️  MongoDB disconnected
2026-01-13 10:17:44: ✅ MongoDB connection established
2026-01-13 10:17:44: ✅ MongoDB reconnected
